version https://git-lfs.github.com/spec/v1
oid sha256:afa108058d478c1b2ef8b75a7acf266675e77c4bb44b8400301cebfe3db62c8d
size 54212
